// Jest Snapshot v1, https://goo.gl/fbAQLP

exports[`<PostCard /> should match snapshot 1`] = `
.c3 {
  color: #000000;
  line-height: 1.2;
  font-size: 2.4rem;
  text-transform: none;
}

.c0 .c2 {
  margin: 0;
  margin-top: calc(1.6rem - 0.6rem);
  margin-bottom: 1.6rem;
}

.c0 a {
  -webkit-text-decoration: none;
  text-decoration: none;
  color: inherit;
  -webkit-transition: all 300ms ease-in-out;
  transition: all 300ms ease-in-out;
}

.c0 a:hover {
  color: #dc143c;
}

.c0:hover a {
  color: #dc143c;
}

.c0:hover img {
  opacity: 0.8;
}

.c1 {
  max-width: 100%;
  -webkit-transition: opacity 300ms ease-in-out;
  transition: opacity 300ms ease-in-out;
}

.c4 {
  word-break: break-word;
}

<div>
  <div
    class="c0"
  >
    <a
      href="/post/basics-java-script-stuff"
    >
      <img
        alt="Basics JavaScript stuff"
        class="c1"
        src="https://res.cloudinary.com/lazarok09/image/upload/v1633798940/photo_1560415755_bd80d06eda60_ixid_Mnwx_Mj_A3f_DB_8_M_Hxwa_G90by1w_Y_Wdlf_Hx8f_G_Vuf_DB_8f_Hx8_and_ixlib_rb_1_2_f32360cc03.jpg"
      />
    </a>
    <h2
      class="c2 c3"
    >
      <a
        href="/post/basics-java-script-stuff"
      >
        Basics JavaScript stuff
         
      </a>
    </h2>
    <p
      class="c4"
    >
      JavaScript is a cross-platform, object-oriented scripting language. The v8 by Chrome runs the Node and make JS be a performatic language.
    </p>
  </div>
</div>
`;
