// Jest Snapshot v1, https://goo.gl/fbAQLP

exports[`<PostGrid /> should match snapshot 1`] = `
.c5 {
  color: #000000;
  line-height: 1.2;
  font-size: 2.4rem;
  text-transform: none;
}

.c2 .c4 {
  margin: 0;
  margin-top: calc(1.6rem - 0.6rem);
  margin-bottom: 1.6rem;
}

.c2 a {
  -webkit-text-decoration: none;
  text-decoration: none;
  color: inherit;
  -webkit-transition: all 300ms ease-in-out;
  transition: all 300ms ease-in-out;
}

.c2 a:hover {
  color: #dc143c;
}

.c2:hover a {
  color: #dc143c;
}

.c2:hover img {
  opacity: 0.8;
}

.c3 {
  max-width: 100%;
  -webkit-transition: opacity 300ms ease-in-out;
  transition: opacity 300ms ease-in-out;
}

.c6 {
  word-break: break-word;
}

.c0 {
  width: 100%;
}

.c1 {
  max-width: 120rem;
  margin: 0 auto;
  display: grid;
  grid-template-columns: repeat(auto-fill,minmax(28rem,1fr));
  gap: 3.2rem;
  padding: 3.2rem;
}

@media (max-width:360px) {
  .c1 {
    grid-template-columns: 1fr;
  }
}

<div>
  <div
    class="c0"
  >
    <div
      class="c1"
    >
      <div
        class="c2"
      >
        <a
          href="/post/basics-java-script-stuff"
        >
          <img
            alt="Basics JavaScript stuff"
            class="c3"
            src="https://res.cloudinary.com/lazarok09/image/upload/v1633798940/photo_1560415755_bd80d06eda60_ixid_Mnwx_Mj_A3f_DB_8_M_Hxwa_G90by1w_Y_Wdlf_Hx8f_G_Vuf_DB_8f_Hx8_and_ixlib_rb_1_2_f32360cc03.jpg"
          />
        </a>
        <h2
          class="c4 c5"
        >
          <a
            href="/post/basics-java-script-stuff"
          >
            Basics JavaScript stuff
             
          </a>
        </h2>
        <p
          class="c6"
        >
          JavaScript is a cross-platform, object-oriented scripting language. The v8 by Chrome runs the Node and make JS be a performatic language.
        </p>
      </div>
      <div
        class="c2"
      >
        <a
          href="/post/como-usar-o-context-api-do-react"
        >
          <img
            alt="Como usar o contextAPI do React"
            class="c3"
            src="https://res.cloudinary.com/lazarok09/image/upload/v1633798940/photo_1560415755_bd80d06eda60_ixid_Mnwx_Mj_A3f_DB_8_M_Hxwa_G90by1w_Y_Wdlf_Hx8f_G_Vuf_DB_8f_Hx8_and_ixlib_rb_1_2_f32360cc03.jpg"
          />
        </a>
        <h2
          class="c4 c5"
        >
          <a
            href="/post/como-usar-o-context-api-do-react"
          >
            Como usar o contextAPI do React
             
          </a>
        </h2>
        <p
          class="c6"
        >
          Como utilizar o contextAPI do React, compartilhar dados na aplicação e mudar o estado de componentes.
        </p>
      </div>
    </div>
  </div>
</div>
`;
