// Jest Snapshot v1, https://goo.gl/fbAQLP

exports[`<Heading /> should match snapshot 1`] = `
.c0 {
  color: #000000;
  line-height: 1.2;
  font-size: 6.4rem;
  text-transform: none;
}

@media (max-width:768px) {
  .c0 {
    font-size: 4.0rem;
  }
}

<div>
  <h1
    class="c0"
  >
    texto
  </h1>
</div>
`;
