// Jest Snapshot v1, https://goo.gl/fbAQLP

exports[`<ArticleHeader /> should render heading, excerpt, cover img and meta 1`] = `
.c5 {
  font-size: 1.6rem;
  color: #AAAAAA;
  font-style: italic;
}

.c5 .categories span::after {
  content: ', ';
}

.c5 .categories span:last-child::after {
  content: '';
}

.c5 a {
  color: #dc143c;
  -webkit-text-decoration: none;
  text-decoration: none;
  -webkit-transition: all 300ms ease-in-out;
  transition: all 300ms ease-in-out;
}

.c5 a:hover {
  -webkit-filter: brightness(200%);
  filter: brightness(200%);
}

.c2 {
  color: #000000;
  line-height: 1.2;
  font-size: 6.4rem;
  text-transform: none;
}

.c0 {
  padding-bottom: 4.0rem;
  margin-bottom: 4.0rem;
  border-bottom: 0.1rem solid #DDDDDD;
}

.c0 .c1 {
  margin: 0;
  margin-bottom: 2.4rem;
}

.c3 {
  margin: 2.4rem 0;
  font-size: 2.4rem;
}

.c4 {
  max-width: 100%;
  display: block;
  margin-bottom: 2.4rem;
}

@media (max-width:768px) {
  .c2 {
    font-size: 4.0rem;
  }
}

<div>
  <header
    class="c0"
  >
    <h1
      class="c1 c2"
    >
      Basics JavaScript stuff
    </h1>
    <p
      class="c3"
    >
      JavaScript is a cross-platform, object-oriented scripting language. The v8 by Chrome runs the Node and make JS be a performatic language.
    </p>
    <img
      alt="Basics JavaScript stuff"
      class="c4"
      src="https://res.cloudinary.com/lazarok09/image/upload/v1633798940/photo_1560415755_bd80d06eda60_ixid_Mnwx_Mj_A3f_DB_8_M_Hxwa_G90by1w_Y_Wdlf_Hx8f_G_Vuf_DB_8f_Hx8_and_ixlib_rb_1_2_f32360cc03.jpg"
    />
    <div
      class="c5"
    >
      <p>
        <span>
          Por 
        </span>
        <a
          href="/author/lazaro"
        >
          Lazaro
        </a>
        <span
          class="separetor"
        >
           | 
        </span>
        <time
          datetime="2020-04-20"
        >
          19 de abr. de 2020
        </time>
        <span
          class="separetor"
        >
           | 
        </span>
        <span
          class="categories"
        >
          <span>
            <a
              href="/category/javascript"
            >
              JavaScript
            </a>
          </span>
        </span>
      </p>
    </div>
  </header>
</div>
`;
